
Allocating common symbols
Common symbol       size              file

netbufpool          0x4               binaries/net.o
readylist           0x2               binaries/ready.o
rfltab              0x5a0             binaries/rflinit.o
netportseed         0x8               binaries/net.o
sleepq              0x2               binaries/clkinit.o
nnames              0x4               binaries/naminit.o
udptab              0x168             binaries/udp.o
minheap             0x4               binaries/meminit.o
marks               0x50              binaries/mark.o
currpid             0x4               binaries/initialize.o
Lf_data             0x20c             binaries/lfsinit.o
porttab             0x2d0             binaries/ptinit.o
girmask             0x2               binaries/evec.o
ttytab              0x110             binaries/ttyinit.o
proctab             0x1a90            binaries/initialize.o
prcount             0x4               binaries/initialize.o
lfltab              0xf00             binaries/lflinit.o
rdstab              0x7c              binaries/rdsinit.o
ethertab            0x130             binaries/ethinit.o
NetData             0xb0              binaries/net.o
nmarks              0x4               binaries/mark.o
initsp              0x4               binaries/i386.o
Defer               0x8               binaries/resched.o
semtab              0x4b0             binaries/initialize.o
maxheap             0x4               binaries/meminit.o
preempt             0x4               binaries/clkinit.o
buftab              0xf0              binaries/bufinit.o
Rf_data             0x18              binaries/rfsinit.o
mkmutex             0x4               binaries/mark.o
ctr1000             0x4               binaries/clkinit.o
clktime             0x4               binaries/clkinit.o
arpcache            0x140             binaries/arp.o
icmptab             0x230             binaries/icmp.o
nbpools             0x4               binaries/bufinit.o
queuetab            0x980             binaries/queue.o
ptnextid            0x4               binaries/ptinit.o
Ram                 0x19000           binaries/raminit.o
ipoqueue            0x2c              binaries/ip.o
memlist             0x8               binaries/initialize.o
nametab             0x5200            binaries/naminit.o
ptfree              0x4               binaries/ptinit.o

Memory Configuration

Name             Origin             Length             Attributes
*default*        0x0000000000000000 0xffffffffffffffff

Linker script and memory map

                0x0000000000100000                physbase = 0x100000
                0x0000000000100000                . = physbase
                0x0000000000100000                . = ALIGN (0x1000)

.text           0x0000000000100000    0x1c000
                0x0000000000100000                text = ABSOLUTE (.)
 *(.text .text.*)
 .text          0x0000000000100000      0x165 binaries/start.o
                0x0000000000100020                entry
                0x000000000010003d                start
                0x00000000001000a5                inb
                0x00000000001000ad                inw
                0x00000000001000b6                inl
                0x00000000001000be                outb
                0x00000000001000c8                outw
                0x00000000001000d3                outl
                0x00000000001000dd                _rtcin
                0x00000000001000e8                ___udivsi3
                0x00000000001000f3                ___divsi3
                0x00000000001000ff                sbzero
                0x000000000010010f                bcopy
                0x0000000000100123                insw
                0x0000000000100139                outsw
                0x000000000010014f                lidt
                0x0000000000100157                jumptocode
                0x000000000010015e                jumptobootcode
 .text          0x0000000000100165      0x405 binaries/ascdate.o
                0x0000000000100165                ascdate
 .text          0x000000000010056a       0x14 binaries/bufinit.o
                0x000000000010056a                bufinit
 .text          0x000000000010057e       0x87 binaries/chprio.o
                0x000000000010057e                chprio
 .text          0x0000000000100605       0xf7 binaries/clkhandler.o
                0x0000000000100605                clkhandler
 .text          0x00000000001006fc       0x93 binaries/clkinit.o
                0x00000000001006fc                clkinit
 .text          0x000000000010078f       0x6a binaries/close.o
                0x000000000010078f                close
 .text          0x00000000001007f9        0x0 binaries/conf.o
 .text          0x00000000001007f9       0x7f binaries/control.o
                0x00000000001007f9                control
 .text          0x0000000000100878      0x524 binaries/create.o
                0x0000000000100878                create
                0x0000000000100ad7                create_user_process
 .text          0x0000000000100d9c      0x363 binaries/evec.o
                0x0000000000100d9c                initevec
                0x0000000000100df2                set_evec
                0x0000000000100e94                trap
 .text          0x00000000001010ff       0x15 binaries/exit.o
                0x00000000001010ff                exit
 .text          0x0000000000101114       0x82 binaries/freebuf.o
                0x0000000000101114                freebuf
 .text          0x0000000000101196      0x167 binaries/freemem.o
                0x0000000000101196                freemem
 .text          0x00000000001012fd       0x80 binaries/getbuf.o
                0x00000000001012fd                getbuf
 .text          0x000000000010137d       0x6a binaries/getc.o
                0x000000000010137d                getc
 .text          0x00000000001013e7       0x72 binaries/getdev.o
                0x00000000001013e7                getdev
 .text          0x0000000000101459       0xc8 binaries/getitem.o
                0x0000000000101459                getfirst
                0x000000000010149a                getlast
                0x00000000001014dd                getitem
 .text          0x0000000000101521       0xfb binaries/getmem.o
                0x0000000000101521                getmem
 .text          0x000000000010161c        0xa binaries/getpid.o
                0x000000000010161c                getpid
 .text          0x0000000000101626       0x6f binaries/getprio.o
                0x0000000000101626                getprio
 .text          0x0000000000101695       0xf2 binaries/getstk.o
                0x0000000000101695                getstk
 .text          0x0000000000101787       0x16 binaries/getticks.o
                0x0000000000101787                getticks
 .text          0x000000000010179d       0x36 binaries/gettime.o
                0x000000000010179d                gettime
 .text          0x00000000001017d3      0x1f3 binaries/getutime.o
                0x00000000001017d3                getutime
 .text          0x00000000001019c6      0x409 binaries/i386.o
                0x00000000001019c6                setsegs
                0x0000000000101add                init8259
                0x0000000000101bb2                pseg
                0x0000000000101d75                setirmask
 .text          0x0000000000101dcf       0x6a binaries/init.o
                0x0000000000101dcf                init
 .text          0x0000000000101e39      0x3ea binaries/initialize.o
                0x0000000000101e39                nulluser
                0x00000000001021ce                stop
                0x00000000001021f5                delay
 .text          0x0000000000102223       0xda binaries/insert.o
                0x0000000000102223                insert
 .text          0x00000000001022fd      0x10c binaries/insertd.o
                0x00000000001022fd                insertd
 .text          0x0000000000102409        0xa binaries/ioerr.o
                0x0000000000102409                ioerr
 .text          0x0000000000102413        0xa binaries/ionull.o
                0x0000000000102413                ionull
 .text          0x000000000010241d      0x182 binaries/kill.o
                0x000000000010241d                kill
 .text          0x000000000010259f      0x1e2 binaries/kprintf.o
                0x000000000010259f                kputc
                0x0000000000102648                kgetc
                0x00000000001026ed                kprintf
                0x000000000010271a                print_ready_list
 .text          0x0000000000102781       0xe7 binaries/main.o
                0x0000000000102781                main
 .text          0x0000000000102868       0xac binaries/mark.o
                0x0000000000102868                markinit
                0x000000000010288b                mark
 .text          0x0000000000102914       0xca binaries/meminit.o
                0x0000000000102914                meminit
 .text          0x00000000001029de      0x15f binaries/mkbufpool.o
                0x00000000001029de                mkbufpool
 .text          0x0000000000102b3d       0x94 binaries/newqueue.o
                0x0000000000102b3d                newqueue
 .text          0x0000000000102bd1       0x78 binaries/open.o
                0x0000000000102bd1                open
 .text          0x0000000000102c49       0x20 binaries/panic.o
                0x0000000000102c49                panic
 .text          0x0000000000102c69      0x498 binaries/pci.o
                0x0000000000102c69                pci_init
                0x0000000000102f35                find_pci_device
                0x0000000000102f83                pci_bios_read_config_byte
                0x0000000000102fc2                pci_bios_read_config_word
                0x0000000000103004                pci_bios_read_config_dword
                0x0000000000103043                pci_bios_write_config_byte
                0x0000000000103084                pci_bios_write_config_word
                0x00000000001030c6                pci_bios_write_config_dword
 .text          0x0000000000103101       0xe6 binaries/ptclear.o
                0x0000000000103101                _ptclear
 .text          0x00000000001031e7       0x8f binaries/ptcount.o
                0x00000000001031e7                ptcount
 .text          0x0000000000103276      0x105 binaries/ptcreate.o
                0x0000000000103276                ptcreate
 .text          0x000000000010337b       0x80 binaries/ptdelete.o
                0x000000000010337b                ptdelete
 .text          0x00000000001033fb       0xb7 binaries/ptinit.o
                0x00000000001033fb                ptinit
 .text          0x00000000001034b2      0x10a binaries/ptrecv.o
                0x00000000001034b2                ptrecv
 .text          0x00000000001035bc       0x78 binaries/ptreset.o
                0x00000000001035bc                ptreset
 .text          0x0000000000103634      0x128 binaries/ptsend.o
                0x0000000000103634                ptsend
 .text          0x000000000010375c       0x78 binaries/putc.o
                0x000000000010375c                putc
 .text          0x00000000001037d4      0x109 binaries/queue.o
                0x00000000001037d4                enqueue
                0x0000000000103874                dequeue
 .text          0x00000000001038dd       0x78 binaries/read.o
                0x00000000001038dd                read
 .text          0x0000000000103955       0x7c binaries/ready.o
                0x0000000000103955                ready
 .text          0x00000000001039d1       0x5c binaries/receive.o
                0x00000000001039d1                receive
 .text          0x0000000000103a2d       0x58 binaries/recvclr.o
                0x0000000000103a2d                recvclr
 .text          0x0000000000103a85       0xb7 binaries/recvtime.o
                0x0000000000103a85                recvtime
 .text          0x0000000000103b3c      0x1a7 binaries/resched.o
                0x0000000000103b3c                resched
                0x0000000000103c6e                resched_cntl
 .text          0x0000000000103ce3       0x9e binaries/resume.o
                0x0000000000103ce3                resume
 .text          0x0000000000103d81       0x71 binaries/seek.o
                0x0000000000103d81                seek
 .text          0x0000000000103df2       0x69 binaries/semcount.o
                0x0000000000103df2                semcount
 .text          0x0000000000103e5b       0xcf binaries/semcreate.o
                0x0000000000103e5b                semcreate
 .text          0x0000000000103f2a       0xba binaries/semdelete.o
                0x0000000000103f2a                semdelete
 .text          0x0000000000103fe4       0xbc binaries/semreset.o
                0x0000000000103fe4                semreset
 .text          0x00000000001040a0       0xd4 binaries/send.o
                0x00000000001040a0                send
 .text          0x0000000000104174       0x97 binaries/signal.o
                0x0000000000104174                signal
 .text          0x000000000010420b       0xc3 binaries/signaln.o
                0x000000000010420b                signaln
 .text          0x00000000001042ce       0xe2 binaries/sleep.o
                0x00000000001042ce                sleep
                0x0000000000104318                sleepms
 .text          0x00000000001043b0      0x1ab binaries/stacktrace.o
                0x00000000001043b0                stacktrace
 .text          0x000000000010455b       0xd4 binaries/suspend.o
                0x000000000010455b                suspend
 .text          0x000000000010462f       0xd6 binaries/unsleep.o
                0x000000000010462f                unsleep
 .text          0x0000000000104705       0x15 binaries/userret.o
                0x0000000000104705                userret
 .text          0x000000000010471a       0xd0 binaries/wait.o
                0x000000000010471a                wait
 .text          0x00000000001047ea       0x68 binaries/wakeup.o
                0x00000000001047ea                wakeup
 .text          0x0000000000104852       0x78 binaries/write.o
                0x0000000000104852                write
 .text          0x00000000001048ca       0x19 binaries/xdone.o
                0x00000000001048ca                xdone
 .text          0x00000000001048e3       0x25 binaries/yield.o
                0x00000000001048e3                yield
 .text          0x0000000000104908       0x11 binaries/abs.o
                0x0000000000104908                abs
 .text          0x0000000000104919       0x8f binaries/atoi.o
                0x0000000000104919                atoi
 .text          0x00000000001049a8       0x8f binaries/atol.o
                0x00000000001049a8                atol
 .text          0x0000000000104a37       0x31 binaries/bzero.o
                0x0000000000104a37                bzero
 .text          0x0000000000104a68        0x0 binaries/ctype_.o
 .text          0x0000000000104a68      0x8f8 binaries/doprnt.o
                0x0000000000104a68                _doprnt
 .text          0x0000000000105360      0x6a2 binaries/doscan.o
                0x0000000000105360                _doscan
 .text          0x0000000000105a02      0x723 binaries/fdoprnt.o
                0x0000000000105a02                _fdoprnt
 .text          0x0000000000106125       0x26 binaries/fgetc.o
                0x0000000000106125                fgetc
 .text          0x000000000010614b       0x72 binaries/fgets.o
                0x000000000010614b                fgets
 .text          0x00000000001061bd       0x34 binaries/fprintf.o
                0x00000000001061bd                fprintf
 .text          0x00000000001061f1       0x2c binaries/fputc.o
                0x00000000001061f1                fputc
 .text          0x000000000010621d       0x43 binaries/fputs.o
                0x000000000010621d                fputs
 .text          0x0000000000106260       0x92 binaries/fscanf.o
                0x0000000000106260                fscanf
 .text          0x00000000001062f2       0x29 binaries/getchar.o
                0x00000000001062f2                getchar
 .text          0x000000000010631b       0x11 binaries/labs.o
                0x000000000010631b                labs
 .text          0x000000000010632c       0x51 binaries/memcmp.o
                0x000000000010632c                memcmp
 .text          0x000000000010637d       0x3f binaries/memcpy.o
                0x000000000010637d                memcpy
 .text          0x00000000001063bc       0x30 binaries/memset.o
                0x00000000001063bc                memset
 .text          0x00000000001063ec       0x4c binaries/printf.o
                0x00000000001063ec                printf
 .text          0x0000000000106438       0x30 binaries/putchar.o
                0x0000000000106438                putchar
 .text          0x0000000000106468      0x28c binaries/qsort.o
                0x0000000000106468                qsort
 .text          0x00000000001066f4       0x5f binaries/rand.o
                0x00000000001066f4                rand
                0x0000000000106708                rand_r
                0x0000000000106746                srand
 .text          0x0000000000106753       0x6f binaries/sprintf.o
                0x0000000000106753                sprintf
 .text          0x00000000001067c2       0x7f binaries/sscanf.o
                0x00000000001067c2                sscanf
 .text          0x0000000000106841       0x3c binaries/strchr.o
                0x0000000000106841                strchr
 .text          0x000000000010687d       0x45 binaries/strcmp.o
                0x000000000010687d                strcmp
 .text          0x00000000001068c2       0x27 binaries/strcpy.o
                0x00000000001068c2                strcpy
 .text          0x00000000001068e9       0x26 binaries/strlen.o
                0x00000000001068e9                strlen
 .text          0x000000000010690f       0x56 binaries/strncat.o
                0x000000000010690f                strncat
 .text          0x0000000000106965       0x5e binaries/strncmp.o
                0x0000000000106965                strncmp
 .text          0x00000000001069c3       0x4f binaries/strncpy.o
                0x00000000001069c3                strncpy
 .text          0x0000000000106a12       0x2e binaries/strnlen.o
                0x0000000000106a12                strnlen
 .text          0x0000000000106a40       0x45 binaries/strrchr.o
                0x0000000000106a40                strrchr
 .text          0x0000000000106a85       0x6d binaries/strstr.o
                0x0000000000106a85                strstr
 .text          0x0000000000106af2       0xd8 binaries/ttycontrol.o
                0x0000000000106af2                ttycontrol
 .text          0x0000000000106bca       0x93 binaries/ttygetc.o
                0x0000000000106bca                ttygetc
 .text          0x0000000000106c5d      0x756 binaries/ttyhandle_in.o
                0x0000000000106c5d                ttyhandle_in
 .text          0x00000000001073b3      0x19f binaries/ttyhandle_out.o
                0x00000000001073b3                ttyhandle_out
 .text          0x0000000000107552       0xc6 binaries/ttyhandler.o
                0x0000000000107552                ttyhandler
 .text          0x0000000000107618      0x22b binaries/ttyinit.o
                0x0000000000107618                ttyinit
 .text          0x0000000000107843       0x1d binaries/ttykickout.o
                0x0000000000107843                ttykickout
 .text          0x0000000000107860       0xb2 binaries/ttyputc.o
                0x0000000000107860                ttyputc
 .text          0x0000000000107912      0x10f binaries/ttyread.o
                0x0000000000107912                ttyread
 .text          0x0000000000107a21       0x4f binaries/ttywrite.o
                0x0000000000107a21                ttywrite
 .text          0x0000000000107a70      0x16a binaries/mount.o
                0x0000000000107a70                mount
                0x0000000000107ba4                namlen
 .text          0x0000000000107bda      0x229 binaries/naminit.o
                0x0000000000107bda                naminit
 .text          0x0000000000107e03      0x216 binaries/nammap.o
                0x0000000000107e03                nammap
                0x0000000000107e94                namrepl
                0x0000000000107fc9                namcpy
 .text          0x0000000000108019       0x55 binaries/namopen.o
                0x0000000000108019                namopen
 .text          0x000000000010806e      0xfa3 binaries/82545EMInit.o
                0x00000000001080c5                _82545EMInit
                0x0000000000108e6b                _82545EM_read_phy_reg
                0x0000000000108f3a                _82545EM_write_phy_reg
 .text          0x0000000000109011      0x24c binaries/ethcontrol.o
                0x0000000000109068                ethcontrol
                0x00000000001091e5                ethIrqDisable
                0x0000000000109221                ethIrqEnable
 .text          0x000000000010925d      0x241 binaries/ethhandler.o
                0x00000000001093ce                ethhandler
 .text          0x000000000010949e      0x122 binaries/ethinit.o
                0x000000000010949e                ethinit
 .text          0x00000000001095c0      0x1f0 binaries/ethread.o
                0x0000000000109617                ethread
 .text          0x00000000001097b0      0x19a binaries/ethwrite.o
                0x0000000000109807                ethwrite
 .text          0x000000000010994a      0x2c1 binaries/rdscomm.o
                0x000000000010994a                rdscomm
 .text          0x0000000000109c0b      0x21b binaries/rdscontrol.o
                0x0000000000109c0b                rdscontrol
 .text          0x0000000000109e26       0x4e binaries/rdsinit.o
                0x0000000000109e26                rdsinit
 .text          0x0000000000109e74      0x385 binaries/rdsopen.o
                0x0000000000109e74                rdsopen
 .text          0x000000000010a1f9      0x40d binaries/rdsprocess.o
                0x000000000010a1f9                rdsprocess
 .text          0x000000000010a606      0x5b2 binaries/rdsqfcns.o
                0x000000000010a606                rdqunlink
                0x000000000010a6a8                rdqinsert
                0x000000000010a6fd                rdcunlink
                0x000000000010a7a7                rdcinsert
                0x000000000010a888                edqdump
                0x000000000010aa44                edcdump
 .text          0x000000000010abb8      0x1d7 binaries/rdsread.o
                0x000000000010abb8                rdsread
 .text          0x000000000010ad8f       0x57 binaries/rdssetprio.o
                0x000000000010ad8f                rdssetprio
 .text          0x000000000010ade6      0x117 binaries/rdswrite.o
                0x000000000010ade6                rdswrite
 .text          0x000000000010aefd        0xa binaries/ramclose.o
                0x000000000010aefd                ramclose
 .text          0x000000000010af07       0x45 binaries/raminit.o
                0x000000000010af07                raminit
 .text          0x000000000010af4c        0xa binaries/ramopen.o
                0x000000000010af4c                ramopen
 .text          0x000000000010af56       0x35 binaries/ramread.o
                0x000000000010af56                ramread
 .text          0x000000000010af8b       0x36 binaries/ramwrite.o
                0x000000000010af8b                ramwrite
 .text          0x000000000010afc1       0x9e binaries/lfdballoc.o
                0x000000000010afc1                lfdballoc
 .text          0x000000000010b05f       0x62 binaries/lfdbfree.o
                0x000000000010b05f                lfdbfree
 .text          0x000000000010b0c1       0xbf binaries/lfflush.o
                0x000000000010b0c1                lfflush
 .text          0x000000000010b180       0xd8 binaries/lfgetmode.o
                0x000000000010b180                lfgetmode
 .text          0x000000000010b258       0x6c binaries/lfiballoc.o
                0x000000000010b258                lfiballoc
 .text          0x000000000010b2c4       0x3b binaries/lfibclear.o
                0x000000000010b2c4                lfibclear
 .text          0x000000000010b2ff       0xae binaries/lfibget.o
                0x000000000010b2ff                lfibget
 .text          0x000000000010b3ad       0xe0 binaries/lfibput.o
                0x000000000010b3ad                lfibput
 .text          0x000000000010b48d       0x93 binaries/lflclose.o
                0x000000000010b48d                lflclose
 .text          0x000000000010b520       0xb5 binaries/lflcontrol.o
                0x000000000010b520                lflcontrol
 .text          0x000000000010b5d5       0xdf binaries/lflgetc.o
                0x000000000010b5d5                lflgetc
 .text          0x000000000010b6b4       0xfb binaries/lflinit.o
                0x000000000010b6b4                lflinit
 .text          0x000000000010b7af      0x10f binaries/lflputc.o
                0x000000000010b7af                lflputc
 .text          0x000000000010b8be       0x6d binaries/lflread.o
                0x000000000010b8be                lflread
 .text          0x000000000010b92b       0x9c binaries/lflseek.o
                0x000000000010b92b                lflseek
 .text          0x000000000010b9c7       0x55 binaries/lflwrite.o
                0x000000000010b9c7                lflwrite
 .text          0x000000000010ba1c       0x62 binaries/lfscheck.o
                0x000000000010ba1c                lfscheck
 .text          0x000000000010ba7e      0x176 binaries/lfsckfmt.o
                0x000000000010ba7e                lfsckfmt
 .text          0x000000000010bbf4      0x221 binaries/lfscreate.o
                0x000000000010bbf4                lfscreate
 .text          0x000000000010be15      0x282 binaries/lfsetup.o
                0x000000000010be15                lfsetup
 .text          0x000000000010c097       0x55 binaries/lfsinit.o
                0x000000000010c097                lfsinit
 .text          0x000000000010c0ec      0x3cb binaries/lfsopen.o
                0x000000000010c0ec                lfsopen
 .text          0x000000000010c4b7      0x161 binaries/lftruncate.o
                0x000000000010c4b7                lftruncate
 .text          0x000000000010c618      0x1a5 binaries/rflclose.o
                0x000000000010c618                rflclose
 .text          0x000000000010c7bd       0x5d binaries/rflgetc.o
                0x000000000010c7bd                rflgetc
 .text          0x000000000010c81a       0x76 binaries/rflinit.o
                0x000000000010c81a                rflinit
 .text          0x000000000010c890       0x39 binaries/rflputc.o
                0x000000000010c890                rflputc
 .text          0x000000000010c8c9      0x386 binaries/rflread.o
                0x000000000010c8c9                rflread
 .text          0x000000000010cc4f       0x68 binaries/rflseek.o
                0x000000000010cc4f                rflseek
 .text          0x000000000010ccb7      0x336 binaries/rflwrite.o
                0x000000000010ccb7                rflwrite
 .text          0x000000000010cfed      0x22f binaries/rfscomm.o
                0x000000000010cfed                rfscomm
 .text          0x000000000010d21c      0x258 binaries/rfscontrol.o
                0x000000000010d21c                rfscontrol
 .text          0x000000000010d474       0xd8 binaries/rfsgetmode.o
                0x000000000010d474                rfsgetmode
 .text          0x000000000010d54c       0x61 binaries/rfsinit.o
                0x000000000010d54c                rfsinit
 .text          0x000000000010d5ad      0x128 binaries/rfsndmsg.o
                0x000000000010d5ad                rfsndmsg
 .text          0x000000000010d6d5      0x28d binaries/rfsopen.o
                0x000000000010d6d5                rfsopen
 .text          0x000000000010d962      0x855 binaries/arp.o
                0x000000000010d962                arp_init
                0x000000000010d994                arp_resolve
                0x000000000010dc61                arp_in
                0x000000000010df13                arp_alloc
                0x000000000010dfdf                arp_ntoh
                0x000000000010e0cb                arp_hton
 .text          0x000000000010e1b7      0x947 binaries/dhcp.o
                0x000000000010e1b7                dhcp_get_opt_val
                0x000000000010e210                dhcp_bld_bootp_msg
                0x000000000010e33a                dhcp_bld_disc
                0x000000000010e420                dhcp_bld_req
                0x000000000010e59d                getlocalip
 .text          0x000000000010eafe      0x6e3 binaries/dns.o
                0x000000000010eafe                dnslookup
 .text          0x000000000010f1e1       0xe0 binaries/dot2ip.o
                0x000000000010f1e1                dot2ip
 .text          0x000000000010f2c1      0x468 binaries/hexdump.o
                0x000000000010f2c1                hexdump
                0x000000000010f444                hexadump
 .text          0x000000000010f729      0x8c4 binaries/icmp.o
                0x000000000010f729                icmp_init
                0x000000000010f75f                icmp_in
                0x000000000010f967                icmp_register
                0x000000000010fa59                icmp_recv
                0x000000000010fbd2                icmp_send
                0x000000000010fc67                icmp_mkpkt
                0x000000000010fd82                icmp_release
                0x000000000010fe72                icmp_cksum
                0x000000000010ff05                icmp_hton
                0x000000000010ff79                icmp_ntoh
 .text          0x000000000010ffed      0x81d binaries/ip.o
                0x000000000010ffed                ip_in
                0x0000000000110139                ip_send
                0x000000000011027b                ip_local
                0x00000000001102be                ip_out
                0x00000000001103eb                ipcksum
                0x0000000000110471                ip_ntoh
                0x000000000011055d                ip_hton
                0x0000000000110649                ipout
                0x000000000011076b                ip_enqueue
 .text          0x000000000011080a      0x2ed binaries/net.o
                0x000000000011080a                net_init
                0x0000000000110962                netin
                0x0000000000110a0e                eth_hton
                0x0000000000110a38                eth_ntoh
                0x0000000000110a62                getport
 .text          0x0000000000110af7     0x1539 binaries/pdump.o
                0x0000000000110af7                pdump
                0x0000000000111913                pdumph
 .text          0x0000000000112030      0x64a binaries/tftp.o
                0x0000000000112030                tftp_send1
                0x00000000001121c0                tftpget
                0x0000000000112202                tftpget_mb
 .text          0x000000000011267a      0xb08 binaries/udp.o
                0x000000000011267a                udp_init
                0x00000000001126ae                udp_in
                0x00000000001127e9                udp_register
                0x000000000011291d                udp_recv
                0x0000000000112aa3                udp_recvaddr
                0x0000000000112c41                udp_send
                0x0000000000112e10                udp_sendto
                0x0000000000112fab                udp_release
                0x0000000000113098                udp_ntoh
                0x000000000011310d                udp_hton
 .text          0x0000000000113182      0x134 binaries/addargs.o
                0x0000000000113182                addargs
 .text          0x00000000001132b6      0x2c9 binaries/lexan.o
                0x00000000001132b6                lexan
 .text          0x000000000011357f      0x6e7 binaries/shell.o
                0x000000000011357f                shell
 .text          0x0000000000113c66       0x68 binaries/xsh_argecho.o
                0x0000000000113c66                xsh_argecho
 .text          0x0000000000113cce      0x23a binaries/xsh_arp.o
                0x0000000000113cce                xsh_arp
 .text          0x0000000000113f08      0x23f binaries/xsh_cat.o
                0x0000000000113f08                xsh_cat
 .text          0x0000000000114147       0x58 binaries/xsh_clear.o
                0x0000000000114147                xsh_clear
 .text          0x000000000011419f      0x2db binaries/xsh_date.o
                0x000000000011419f                xsh_date
 .text          0x000000000011447a       0xaa binaries/xsh_devdump.o
                0x000000000011447a                xsh_devdump
 .text          0x0000000000114524       0x6c binaries/xsh_echo.o
                0x0000000000114524                xsh_echo
 .text          0x0000000000114590        0xa binaries/xsh_exit.o
                0x0000000000114590                xsh_exit
 .text          0x000000000011459a      0x366 binaries/xsh_help.o
                0x000000000011459a                xsh_help
 .text          0x0000000000114900      0x22d binaries/xsh_kill.o
                0x0000000000114900                xsh_kill
 .text          0x0000000000114b2d      0x527 binaries/xsh_ls.o
                0x0000000000114b2d                xsh_ls
 .text          0x0000000000115054      0x504 binaries/xsh_memdump.o
                0x0000000000115054                xsh_memdump
 .text          0x0000000000115558      0x28f binaries/xsh_memstat.o
                0x0000000000115558                xsh_memstat
 .text          0x00000000001157e7      0x5aa binaries/xsh_netinfo.o
                0x00000000001157e7                xsh_netinfo
 .text          0x0000000000115d91      0x5e0 binaries/xsh_ns.o
                0x0000000000115d91                xsh_ns
 .text          0x0000000000116371      0x3bf binaries/xsh_ping.o
                0x0000000000116371                xsh_ping
 .text          0x0000000000116730      0x257 binaries/xsh_ps.o
                0x0000000000116730                xsh_ps
 .text          0x0000000000116987      0x20a binaries/xsh_sleep.o
                0x0000000000116987                xsh_sleep
 .text          0x0000000000116b91      0x2b0 binaries/xsh_udpdump.o
                0x0000000000116b91                xsh_udpdump
 .text          0x0000000000116e41      0x56c binaries/xsh_udpecho.o
                0x0000000000116e41                xsh_udpecho
 .text          0x00000000001173ad      0x2c0 binaries/xsh_udpserver.o
                0x00000000001173ad                xsh_udpeserver
 .text          0x000000000011766d      0x1db binaries/xsh_uptime.o
                0x000000000011766d                xsh_uptime
 .text          0x0000000000117848        0xe binaries/clkdisp.o
                0x0000000000117848                clkdisp
 .text          0x0000000000117856       0x19 binaries/ctxsw.o
                0x0000000000117856                ctxsw
 .text          0x000000000011786f      0x368 binaries/intr.o
                0x000000000011786f                disable
                0x0000000000117878                restore
                0x0000000000117886                enable
                0x0000000000117888                pause
                0x000000000011788f                halt
                0x0000000000117892                spurious_irq7
                0x0000000000117897                spurious_irq15
                0x00000000001178a6                _Xint0
                0x00000000001178b1                _Xint1
                0x00000000001178bc                _Xint2
                0x00000000001178c7                _Xint3
                0x00000000001178d2                _Xint4
                0x00000000001178dd                _Xint5
                0x00000000001178e8                _Xint6
                0x00000000001178f3                _Xint7
                0x00000000001178fe                _Xint8
                0x0000000000117909                _Xint9
                0x0000000000117914                _Xint10
                0x000000000011791f                _Xint11
                0x000000000011792d                _Xint12
                0x000000000011793b                _Xint13
                0x0000000000117949                _Xint14
                0x0000000000117957                _Xint15
                0x0000000000117965                _Xint16
                0x0000000000117973                _Xint17
                0x0000000000117981                _Xint18
                0x000000000011798f                _Xint19
                0x000000000011799d                _Xint20
                0x00000000001179ab                _Xint21
                0x00000000001179b9                _Xint22
                0x00000000001179c7                _Xint23
                0x00000000001179d5                _Xint24
                0x00000000001179e3                _Xint25
                0x00000000001179f1                _Xint26
                0x00000000001179ff                _Xint27
                0x0000000000117a0d                _Xint28
                0x0000000000117a1b                _Xint29
                0x0000000000117a29                _Xint30
                0x0000000000117a37                _Xint31
                0x0000000000117a45                _Xint32
                0x0000000000117a53                _Xint33
                0x0000000000117a61                _Xint34
                0x0000000000117a6f                _Xint35
                0x0000000000117a7d                _Xint36
                0x0000000000117a8b                _Xint37
                0x0000000000117a99                _Xint38
                0x0000000000117aa7                _Xint39
                0x0000000000117ab5                _Xint40
                0x0000000000117ac3                _Xint41
                0x0000000000117ad1                _Xint42
                0x0000000000117adf                _Xint43
                0x0000000000117aed                _Xint44
                0x0000000000117afb                _Xint45
                0x0000000000117b09                _Xint46
                0x0000000000117b17                defevec
 .text          0x0000000000117bd7        0xf binaries/ttydispatch.o
                0x0000000000117bd7                ttydispatch
 .text          0x0000000000117be6       0x13 binaries/ethdispatch.o
                0x0000000000117be6                ethdispatch
 *(.rodata .rodata.*)
 *fill*         0x0000000000117bf9        0x3 
 .rodata        0x0000000000117bfc       0x8e binaries/ascdate.o
 .rodata        0x0000000000117c8a       0xae binaries/conf.o
 .rodata        0x0000000000117d38      0x22f binaries/evec.o
 *fill*         0x0000000000117f67        0x1 
 .rodata        0x0000000000117f68       0x61 binaries/getutime.o
 *fill*         0x0000000000117fc9        0x3 
 .rodata        0x0000000000117fcc       0x90 binaries/i386.o
 .rodata        0x000000000011805c      0x186 binaries/initialize.o
 *fill*         0x00000000001181e2        0x2 
 .rodata        0x00000000001181e4       0x20 binaries/kill.o
 .rodata        0x0000000000118204       0x1b binaries/kprintf.o
 *fill*         0x000000000011821f        0x1 
 .rodata        0x0000000000118220       0x2e binaries/main.o
 .rodata        0x000000000011824e        0xf binaries/panic.o
 *fill*         0x000000000011825d        0x3 
 .rodata        0x0000000000118260      0x1ec binaries/pci.o
 .rodata        0x000000000011844c       0x1d binaries/ptinit.o
 *fill*         0x0000000000118469        0x3 
 .rodata        0x000000000011846c       0x25 binaries/ptsend.o
 .rodata        0x0000000000118491        0xe binaries/resched.o
 *fill*         0x000000000011849f        0x1 
 .rodata        0x00000000001184a0       0xb7 binaries/stacktrace.o
 *fill*         0x0000000000118557        0x1 
 .rodata        0x0000000000118558       0x27 binaries/xdone.o
 *fill*         0x000000000011857f        0x1 
 .rodata        0x0000000000118580       0x81 binaries/ctype_.o
                0x0000000000118580                _ctype_
 *fill*         0x0000000000118601        0x3 
 .rodata        0x0000000000118604       0xee binaries/doprnt.o
 *fill*         0x00000000001186f2        0x2 
 .rodata        0x00000000001186f4       0x98 binaries/doscan.o
 .rodata        0x000000000011878c       0xae binaries/fdoprnt.o
 *fill*         0x000000000011883a        0x2 
 .rodata        0x000000000011883c       0x20 binaries/ttycontrol.o
 .rodata        0x000000000011885c       0x34 binaries/ttyhandler.o
 .rodata        0x0000000000118890       0x14 binaries/mount.o
 .rodata        0x00000000001188a4       0x82 binaries/naminit.o
 *fill*         0x0000000000118926        0x2 
 .rodata        0x0000000000118928       0x2e binaries/82545EMInit.o
 *fill*         0x0000000000118956        0x2 
 .rodata        0x0000000000118958       0x78 binaries/ethinit.o
 .rodata        0x00000000001189d0       0x18 binaries/ethread.o
 .rodata        0x00000000001189e8       0x76 binaries/rdscomm.o
 *fill*         0x0000000000118a5e        0x2 
 .rodata        0x0000000000118a60       0x21 binaries/rdscontrol.o
 *fill*         0x0000000000118a81        0x3 
 .rodata        0x0000000000118a84       0xae binaries/rdsopen.o
 *fill*         0x0000000000118b32        0x2 
 .rodata        0x0000000000118b34       0x3e binaries/rdsprocess.o
 *fill*         0x0000000000118b72        0x2 
 .rodata        0x0000000000118b74       0xe2 binaries/rdsqfcns.o
 .rodata        0x0000000000118c56        0x9 binaries/raminit.o
 *fill*         0x0000000000118c5f        0x1 
 .rodata        0x0000000000118c60       0x36 binaries/lfdballoc.o
 .rodata        0x0000000000118c96       0x14 binaries/lfiballoc.o
 *fill*         0x0000000000118caa        0x2 
 .rodata        0x0000000000118cac       0x22 binaries/lflcontrol.o
 *fill*         0x0000000000118cce        0x2 
 .rodata        0x0000000000118cd0      0x118 binaries/lfsckfmt.o
 .rodata        0x0000000000118de8       0x66 binaries/lfsopen.o
 *fill*         0x0000000000118e4e        0x2 
 .rodata        0x0000000000118e50       0x21 binaries/rflclose.o
 *fill*         0x0000000000118e71        0x3 
 .rodata        0x0000000000118e74       0x21 binaries/rflread.o
 *fill*         0x0000000000118e95        0x3 
 .rodata        0x0000000000118e98       0x21 binaries/rflwrite.o
 *fill*         0x0000000000118eb9        0x3 
 .rodata        0x0000000000118ebc       0xa1 binaries/rfscomm.o
 *fill*         0x0000000000118f5d        0x3 
 .rodata        0x0000000000118f60       0x3c binaries/rfscontrol.o
 .rodata        0x0000000000118f9c       0x2b binaries/rfsinit.o
 *fill*         0x0000000000118fc7        0x1 
 .rodata        0x0000000000118fc8       0x2a binaries/rfsndmsg.o
 *fill*         0x0000000000118ff2        0x2 
 .rodata        0x0000000000118ff4       0x21 binaries/rfsopen.o
 *fill*         0x0000000000119015        0x3 
 .rodata        0x0000000000119018       0x3a binaries/arp.o
 *fill*         0x0000000000119052        0x2 
 .rodata        0x0000000000119054       0xcf binaries/dhcp.o
 .rodata        0x0000000000119123       0x24 binaries/dns.o
 *fill*         0x0000000000119147        0x1 
 .rodata        0x0000000000119148       0xc9 binaries/hexdump.o
 *fill*         0x0000000000119211        0x3 
 .rodata        0x0000000000119214       0x29 binaries/icmp.o
 *fill*         0x000000000011923d        0x3 
 .rodata        0x0000000000119240       0x52 binaries/ip.o
 *fill*         0x0000000000119292        0x2 
 .rodata        0x0000000000119294       0x4f binaries/net.o
 *fill*         0x00000000001192e3        0x1 
 .rodata        0x00000000001192e4      0x26f binaries/pdump.o
 *fill*         0x0000000000119553        0x1 
 .rodata        0x0000000000119554      0x154 binaries/tftp.o
 *fill*         0x00000000001196a8       0x18 
 .rodata        0x00000000001196c0      0x3f9 binaries/shell.o
                0x0000000000119760                cmdtab
 .rodata        0x0000000000119ab9       0x28 binaries/xsh_argecho.o
 *fill*         0x0000000000119ae1        0x3 
 .rodata        0x0000000000119ae4      0x123 binaries/xsh_arp.o
 *fill*         0x0000000000119c07        0x1 
 .rodata        0x0000000000119c08       0xc9 binaries/xsh_cat.o
 .rodata        0x0000000000119cd1       0x19 binaries/xsh_clear.o
 *fill*         0x0000000000119cea        0x2 
 .rodata        0x0000000000119cec      0x1c3 binaries/xsh_date.o
 .rodata        0x0000000000119eaf       0x5d binaries/xsh_devdump.o
 .rodata        0x0000000000119f0c        0x9 binaries/xsh_echo.o
 *fill*         0x0000000000119f15        0x3 
 .rodata        0x0000000000119f18      0x169 binaries/xsh_help.o
 *fill*         0x000000000011a081        0x3 
 .rodata        0x000000000011a084      0x12e binaries/xsh_kill.o
 *fill*         0x000000000011a1b2        0x2 
 .rodata        0x000000000011a1b4      0x190 binaries/xsh_ls.o
 .rodata        0x000000000011a344      0x266 binaries/xsh_memdump.o
 *fill*         0x000000000011a5aa        0x2 
 .rodata        0x000000000011a5ac      0x225 binaries/xsh_memstat.o
 *fill*         0x000000000011a7d1        0x3 
 .rodata        0x000000000011a7d4      0x1b0 binaries/xsh_netinfo.o
 *fill*         0x000000000011a984       0x1c 
 .rodata        0x000000000011a9a0      0x340 binaries/xsh_ns.o
 .rodata        0x000000000011ace0      0x19d binaries/xsh_ping.o
 *fill*         0x000000000011ae7d        0x3 
 .rodata        0x000000000011ae80      0x1e0 binaries/xsh_ps.o
 .rodata        0x000000000011b060       0xeb binaries/xsh_sleep.o
 *fill*         0x000000000011b14b        0x1 
 .rodata        0x000000000011b14c      0x1b8 binaries/xsh_udpdump.o
 .rodata        0x000000000011b304      0x27d binaries/xsh_udpecho.o
 *fill*         0x000000000011b581        0x3 
 .rodata        0x000000000011b584      0x12b binaries/xsh_udpserver.o
 *fill*         0x000000000011b6af        0x1 
 .rodata        0x000000000011b6b0      0x105 binaries/xsh_uptime.o
                0x000000000011b7b5                etext = ABSOLUTE (.)
                0x000000000011c000                . = ALIGN (0x1000)
 *fill*         0x000000000011b7b5      0x84b 

.eh_frame       0x000000000011c000     0x2d84
 .eh_frame      0x000000000011c000       0x40 binaries/ascdate.o
 .eh_frame      0x000000000011c040       0x20 binaries/bufinit.o
                                         0x38 (size before relaxing)
 .eh_frame      0x000000000011c060       0x20 binaries/chprio.o
                                         0x38 (size before relaxing)
 .eh_frame      0x000000000011c080       0x20 binaries/clkhandler.o
                                         0x38 (size before relaxing)
 .eh_frame      0x000000000011c0a0       0x20 binaries/clkinit.o
                                         0x38 (size before relaxing)
 .eh_frame      0x000000000011c0c0       0x20 binaries/close.o
                                         0x38 (size before relaxing)
 .eh_frame      0x000000000011c0e0       0x20 binaries/control.o
                                         0x38 (size before relaxing)
 .eh_frame      0x000000000011c100       0x60 binaries/create.o
                                         0x78 (size before relaxing)
 .eh_frame      0x000000000011c160       0x60 binaries/evec.o
                                         0x78 (size before relaxing)
 .eh_frame      0x000000000011c1c0       0x20 binaries/exit.o
                                         0x38 (size before relaxing)
 .eh_frame      0x000000000011c1e0       0x20 binaries/freebuf.o
                                         0x38 (size before relaxing)
 .eh_frame      0x000000000011c200       0x20 binaries/freemem.o
                                         0x38 (size before relaxing)
 .eh_frame      0x000000000011c220       0x20 binaries/getbuf.o
                                         0x38 (size before relaxing)
 .eh_frame      0x000000000011c240       0x20 binaries/getc.o
                                         0x38 (size before relaxing)
 .eh_frame      0x000000000011c260       0x20 binaries/getdev.o
                                         0x38 (size before relaxing)
 .eh_frame      0x000000000011c280       0x60 binaries/getitem.o
                                         0x78 (size before relaxing)
 .eh_frame      0x000000000011c2e0       0x20 binaries/getmem.o
                                         0x38 (size before relaxing)
 .eh_frame      0x000000000011c300       0x20 binaries/getpid.o
                                         0x38 (size before relaxing)
 .eh_frame      0x000000000011c320       0x20 binaries/getprio.o
                                         0x38 (size before relaxing)
 .eh_frame      0x000000000011c340       0x20 binaries/getstk.o
                                         0x38 (size before relaxing)
 .eh_frame      0x000000000011c360       0x20 binaries/getticks.o
                                         0x38 (size before relaxing)
 .eh_frame      0x000000000011c380       0x20 binaries/gettime.o
                                         0x38 (size before relaxing)
 .eh_frame      0x000000000011c3a0       0x20 binaries/getutime.o
                                         0x38 (size before relaxing)
 .eh_frame      0x000000000011c3c0       0x8c binaries/i386.o
                                         0xa4 (size before relaxing)
 .eh_frame      0x000000000011c44c       0x20 binaries/init.o
                                         0x38 (size before relaxing)
 .eh_frame      0x000000000011c46c       0xa0 binaries/initialize.o
                                         0xb8 (size before relaxing)
 .eh_frame      0x000000000011c50c       0x20 binaries/insert.o
                                         0x38 (size before relaxing)
 .eh_frame      0x000000000011c52c       0x20 binaries/insertd.o
                                         0x38 (size before relaxing)
 .eh_frame      0x000000000011c54c       0x20 binaries/ioerr.o
                                         0x38 (size before relaxing)
 .eh_frame      0x000000000011c56c       0x20 binaries/ionull.o
                                         0x38 (size before relaxing)
 .eh_frame      0x000000000011c58c       0x20 binaries/kill.o
                                         0x38 (size before relaxing)
 .eh_frame      0x000000000011c5ac       0x80 binaries/kprintf.o
                                         0x98 (size before relaxing)
 .eh_frame      0x000000000011c62c       0x1c binaries/main.o
                                         0x34 (size before relaxing)
 .eh_frame      0x000000000011c648       0x40 binaries/mark.o
                                         0x58 (size before relaxing)
 .eh_frame      0x000000000011c688       0x20 binaries/meminit.o
                                         0x38 (size before relaxing)
 .eh_frame      0x000000000011c6a8       0x20 binaries/mkbufpool.o
                                         0x38 (size before relaxing)
 .eh_frame      0x000000000011c6c8       0x20 binaries/newqueue.o
                                         0x38 (size before relaxing)
 .eh_frame      0x000000000011c6e8       0x20 binaries/open.o
                                         0x38 (size before relaxing)
 .eh_frame      0x000000000011c708       0x1c binaries/panic.o
                                         0x34 (size before relaxing)
 .eh_frame      0x000000000011c724      0x1c8 binaries/pci.o
                                        0x1e0 (size before relaxing)
 .eh_frame      0x000000000011c8ec       0x20 binaries/ptclear.o
                                         0x38 (size before relaxing)
 .eh_frame      0x000000000011c90c       0x20 binaries/ptcount.o
                                         0x38 (size before relaxing)
 .eh_frame      0x000000000011c92c       0x20 binaries/ptcreate.o
                                         0x38 (size before relaxing)
 .eh_frame      0x000000000011c94c       0x20 binaries/ptdelete.o
                                         0x38 (size before relaxing)
 .eh_frame      0x000000000011c96c       0x20 binaries/ptinit.o
                                         0x38 (size before relaxing)
 .eh_frame      0x000000000011c98c       0x20 binaries/ptrecv.o
                                         0x38 (size before relaxing)
 .eh_frame      0x000000000011c9ac       0x20 binaries/ptreset.o
                                         0x38 (size before relaxing)
 .eh_frame      0x000000000011c9cc       0x20 binaries/ptsend.o
                                         0x38 (size before relaxing)
 .eh_frame      0x000000000011c9ec       0x20 binaries/putc.o
                                         0x38 (size before relaxing)
 .eh_frame      0x000000000011ca0c       0x40 binaries/queue.o
                                         0x58 (size before relaxing)
 .eh_frame      0x000000000011ca4c       0x20 binaries/read.o
                                         0x38 (size before relaxing)
 .eh_frame      0x000000000011ca6c       0x24 binaries/ready.o
                                         0x3c (size before relaxing)
 .eh_frame      0x000000000011ca90       0x20 binaries/receive.o
                                         0x38 (size before relaxing)
 .eh_frame      0x000000000011cab0       0x20 binaries/recvclr.o
                                         0x38 (size before relaxing)
 .eh_frame      0x000000000011cad0       0x20 binaries/recvtime.o
                                         0x38 (size before relaxing)
 .eh_frame      0x000000000011caf0       0x40 binaries/resched.o
                                         0x58 (size before relaxing)
 .eh_frame      0x000000000011cb30       0x20 binaries/resume.o
                                         0x38 (size before relaxing)
 .eh_frame      0x000000000011cb50       0x20 binaries/seek.o
                                         0x38 (size before relaxing)
 .eh_frame      0x000000000011cb70       0x20 binaries/semcount.o
                                         0x38 (size before relaxing)
 .eh_frame      0x000000000011cb90       0x40 binaries/semcreate.o
                                         0x58 (size before relaxing)
 .eh_frame      0x000000000011cbd0       0x20 binaries/semdelete.o
                                         0x38 (size before relaxing)
 .eh_frame      0x000000000011cbf0       0x20 binaries/semreset.o
                                         0x38 (size before relaxing)
 .eh_frame      0x000000000011cc10       0x20 binaries/send.o
                                         0x38 (size before relaxing)
 .eh_frame      0x000000000011cc30       0x20 binaries/signal.o
                                         0x38 (size before relaxing)
 .eh_frame      0x000000000011cc50       0x20 binaries/signaln.o
                                         0x38 (size before relaxing)
 .eh_frame      0x000000000011cc70       0x40 binaries/sleep.o
                                         0x58 (size before relaxing)
 .eh_frame      0x000000000011ccb0       0x20 binaries/stacktrace.o
                                         0x38 (size before relaxing)
 .eh_frame      0x000000000011ccd0       0x20 binaries/suspend.o
                                         0x38 (size before relaxing)
 .eh_frame      0x000000000011ccf0       0x20 binaries/unsleep.o
                                         0x38 (size before relaxing)
 .eh_frame      0x000000000011cd10       0x20 binaries/userret.o
                                         0x38 (size before relaxing)
 .eh_frame      0x000000000011cd30       0x20 binaries/wait.o
                                         0x38 (size before relaxing)
 .eh_frame      0x000000000011cd50       0x20 binaries/wakeup.o
                                         0x38 (size before relaxing)
 .eh_frame      0x000000000011cd70       0x20 binaries/write.o
                                         0x38 (size before relaxing)
 .eh_frame      0x000000000011cd90       0x20 binaries/xdone.o
                                         0x38 (size before relaxing)
 .eh_frame      0x000000000011cdb0       0x20 binaries/yield.o
                                         0x38 (size before relaxing)
 .eh_frame      0x000000000011cdd0       0x20 binaries/abs.o
                                         0x38 (size before relaxing)
 .eh_frame      0x000000000011cdf0       0x20 binaries/atoi.o
                                         0x38 (size before relaxing)
 .eh_frame      0x000000000011ce10       0x20 binaries/atol.o
                                         0x38 (size before relaxing)
 .eh_frame      0x000000000011ce30       0x20 binaries/bzero.o
                                         0x38 (size before relaxing)
 .eh_frame      0x000000000011ce50       0xe4 binaries/doprnt.o
                                         0xfc (size before relaxing)
 .eh_frame      0x000000000011cf34       0xb0 binaries/doscan.o
                                         0xc8 (size before relaxing)
 .eh_frame      0x000000000011cfe4       0xc0 binaries/fdoprnt.o
                                         0xd8 (size before relaxing)
 .eh_frame      0x000000000011d0a4       0x20 binaries/fgetc.o
                                         0x38 (size before relaxing)
 .eh_frame      0x000000000011d0c4       0x20 binaries/fgets.o
                                         0x38 (size before relaxing)
 .eh_frame      0x000000000011d0e4       0x20 binaries/fprintf.o
                                         0x38 (size before relaxing)
 .eh_frame      0x000000000011d104       0x20 binaries/fputc.o
                                         0x38 (size before relaxing)
 .eh_frame      0x000000000011d124       0x20 binaries/fputs.o
                                         0x38 (size before relaxing)
 .eh_frame      0x000000000011d144       0x60 binaries/fscanf.o
                                         0x78 (size before relaxing)
 .eh_frame      0x000000000011d1a4       0x20 binaries/getchar.o
                                         0x38 (size before relaxing)
 .eh_frame      0x000000000011d1c4       0x20 binaries/labs.o
                                         0x38 (size before relaxing)
 .eh_frame      0x000000000011d1e4       0x20 binaries/memcmp.o
                                         0x38 (size before relaxing)
 .eh_frame      0x000000000011d204       0x24 binaries/memcpy.o
                                         0x3c (size before relaxing)
 .eh_frame      0x000000000011d228       0x24 binaries/memset.o
                                         0x3c (size before relaxing)
 .eh_frame      0x000000000011d24c       0x20 binaries/printf.o
                                         0x38 (size before relaxing)
 .eh_frame      0x000000000011d26c       0x20 binaries/putchar.o
                                         0x38 (size before relaxing)
 .eh_frame      0x000000000011d28c       0xa8 binaries/qsort.o
                                         0xc0 (size before relaxing)
 .eh_frame      0x000000000011d334       0x60 binaries/rand.o
                                         0x78 (size before relaxing)
 .eh_frame      0x000000000011d394       0x40 binaries/sprintf.o
                                         0x58 (size before relaxing)
 .eh_frame      0x000000000011d3d4       0x60 binaries/sscanf.o
                                         0x78 (size before relaxing)
 .eh_frame      0x000000000011d434       0x20 binaries/strchr.o
                                         0x38 (size before relaxing)
 .eh_frame      0x000000000011d454       0x20 binaries/strcmp.o
                                         0x38 (size before relaxing)
 .eh_frame      0x000000000011d474       0x20 binaries/strcpy.o
                                         0x38 (size before relaxing)
 .eh_frame      0x000000000011d494       0x20 binaries/strlen.o
                                         0x38 (size before relaxing)
 .eh_frame      0x000000000011d4b4       0x20 binaries/strncat.o
                                         0x38 (size before relaxing)
 .eh_frame      0x000000000011d4d4       0x20 binaries/strncmp.o
                                         0x38 (size before relaxing)
 .eh_frame      0x000000000011d4f4       0x28 binaries/strncpy.o
                                         0x40 (size before relaxing)
 .eh_frame      0x000000000011d51c       0x20 binaries/strnlen.o
                                         0x38 (size before relaxing)
 .eh_frame      0x000000000011d53c       0x20 binaries/strrchr.o
                                         0x38 (size before relaxing)
 .eh_frame      0x000000000011d55c       0x20 binaries/strstr.o
                                         0x38 (size before relaxing)
 .eh_frame      0x000000000011d57c       0x20 binaries/ttycontrol.o
                                         0x38 (size before relaxing)
 .eh_frame      0x000000000011d59c       0x20 binaries/ttygetc.o
                                         0x38 (size before relaxing)
 .eh_frame      0x000000000011d5bc       0x80 binaries/ttyhandle_in.o
                                         0x98 (size before relaxing)
 .eh_frame      0x000000000011d63c       0x20 binaries/ttyhandle_out.o
                                         0x38 (size before relaxing)
 .eh_frame      0x000000000011d65c       0x20 binaries/ttyhandler.o
                                         0x38 (size before relaxing)
 .eh_frame      0x000000000011d67c       0x20 binaries/ttyinit.o
                                         0x38 (size before relaxing)
 .eh_frame      0x000000000011d69c       0x20 binaries/ttykickout.o
                                         0x38 (size before relaxing)
 .eh_frame      0x000000000011d6bc       0x20 binaries/ttyputc.o
                                         0x38 (size before relaxing)
 .eh_frame      0x000000000011d6dc       0x28 binaries/ttyread.o
                                         0x40 (size before relaxing)
 .eh_frame      0x000000000011d704       0x20 binaries/ttywrite.o
                                         0x38 (size before relaxing)
 .eh_frame      0x000000000011d724       0x40 binaries/mount.o
                                         0x58 (size before relaxing)
 .eh_frame      0x000000000011d764       0x20 binaries/naminit.o
                                         0x38 (size before relaxing)
 .eh_frame      0x000000000011d784       0x60 binaries/nammap.o
                                         0x78 (size before relaxing)
 .eh_frame      0x000000000011d7e4       0x20 binaries/namopen.o
                                         0x38 (size before relaxing)
 .eh_frame      0x000000000011d804      0x150 binaries/82545EMInit.o
                                        0x168 (size before relaxing)
 .eh_frame      0x000000000011d954       0xa0 binaries/ethcontrol.o
                                         0xb8 (size before relaxing)
 .eh_frame      0x000000000011d9f4       0x80 binaries/ethhandler.o
                                         0x98 (size before relaxing)
 .eh_frame      0x000000000011da74       0x20 binaries/ethinit.o
                                         0x38 (size before relaxing)
 .eh_frame      0x000000000011da94       0x60 binaries/ethread.o
                                         0x78 (size before relaxing)
 .eh_frame      0x000000000011daf4       0x60 binaries/ethwrite.o
                                         0x78 (size before relaxing)
 .eh_frame      0x000000000011db54       0x20 binaries/rdscomm.o
                                         0x38 (size before relaxing)
 .eh_frame      0x000000000011db74       0x20 binaries/rdscontrol.o
                                         0x38 (size before relaxing)
 .eh_frame      0x000000000011db94       0x20 binaries/rdsinit.o
                                         0x38 (size before relaxing)
 .eh_frame      0x000000000011dbb4       0x20 binaries/rdsopen.o
                                         0x38 (size before relaxing)
 .eh_frame      0x000000000011dbd4       0x1c binaries/rdsprocess.o
                                         0x34 (size before relaxing)
 .eh_frame      0x000000000011dbf0       0xc0 binaries/rdsqfcns.o
                                         0xd8 (size before relaxing)
 .eh_frame      0x000000000011dcb0       0x20 binaries/rdsread.o
                                         0x38 (size before relaxing)
 .eh_frame      0x000000000011dcd0       0x20 binaries/rdssetprio.o
                                         0x38 (size before relaxing)
 .eh_frame      0x000000000011dcf0       0x20 binaries/rdswrite.o
                                         0x38 (size before relaxing)
 .eh_frame      0x000000000011dd10       0x20 binaries/ramclose.o
                                         0x38 (size before relaxing)
 .eh_frame      0x000000000011dd30       0x20 binaries/raminit.o
                                         0x38 (size before relaxing)
 .eh_frame      0x000000000011dd50       0x20 binaries/ramopen.o
                                         0x38 (size before relaxing)
 .eh_frame      0x000000000011dd70       0x20 binaries/ramread.o
                                         0x38 (size before relaxing)
 .eh_frame      0x000000000011dd90       0x20 binaries/ramwrite.o
                                         0x38 (size before relaxing)
 .eh_frame      0x000000000011ddb0       0x20 binaries/lfdballoc.o
                                         0x38 (size before relaxing)
 .eh_frame      0x000000000011ddd0       0x20 binaries/lfdbfree.o
                                         0x38 (size before relaxing)
 .eh_frame      0x000000000011ddf0       0x20 binaries/lfflush.o
                                         0x38 (size before relaxing)
 .eh_frame      0x000000000011de10       0x20 binaries/lfgetmode.o
                                         0x38 (size before relaxing)
 .eh_frame      0x000000000011de30       0x20 binaries/lfiballoc.o
                                         0x38 (size before relaxing)
 .eh_frame      0x000000000011de50       0x20 binaries/lfibclear.o
                                         0x38 (size before relaxing)
 .eh_frame      0x000000000011de70       0x20 binaries/lfibget.o
                                         0x38 (size before relaxing)
 .eh_frame      0x000000000011de90       0x20 binaries/lfibput.o
                                         0x38 (size before relaxing)
 .eh_frame      0x000000000011deb0       0x20 binaries/lflclose.o
                                         0x38 (size before relaxing)
 .eh_frame      0x000000000011ded0       0x20 binaries/lflcontrol.o
                                         0x38 (size before relaxing)
 .eh_frame      0x000000000011def0       0x20 binaries/lflgetc.o
                                         0x38 (size before relaxing)
 .eh_frame      0x000000000011df10       0x20 binaries/lflinit.o
                                         0x38 (size before relaxing)
 .eh_frame      0x000000000011df30       0x20 binaries/lflputc.o
                                         0x38 (size before relaxing)
 .eh_frame      0x000000000011df50       0x20 binaries/lflread.o
                                         0x38 (size before relaxing)
 .eh_frame      0x000000000011df70       0x20 binaries/lflseek.o
                                         0x38 (size before relaxing)
 .eh_frame      0x000000000011df90       0x20 binaries/lflwrite.o
                                         0x38 (size before relaxing)
 .eh_frame      0x000000000011dfb0       0x20 binaries/lfscheck.o
                                         0x38 (size before relaxing)
 .eh_frame      0x000000000011dfd0       0x20 binaries/lfsckfmt.o
                                         0x38 (size before relaxing)
 .eh_frame      0x000000000011dff0       0x20 binaries/lfscreate.o
                                         0x38 (size before relaxing)
 .eh_frame      0x000000000011e010       0x20 binaries/lfsetup.o
                                         0x38 (size before relaxing)
 .eh_frame      0x000000000011e030       0x20 binaries/lfsinit.o
                                         0x38 (size before relaxing)
 .eh_frame      0x000000000011e050       0x20 binaries/lfsopen.o
                                         0x38 (size before relaxing)
 .eh_frame      0x000000000011e070       0x20 binaries/lftruncate.o
                                         0x38 (size before relaxing)
 .eh_frame      0x000000000011e090       0x20 binaries/rflclose.o
                                         0x38 (size before relaxing)
 .eh_frame      0x000000000011e0b0       0x20 binaries/rflgetc.o
                                         0x38 (size before relaxing)
 .eh_frame      0x000000000011e0d0       0x20 binaries/rflinit.o
                                         0x38 (size before relaxing)
 .eh_frame      0x000000000011e0f0       0x20 binaries/rflputc.o
                                         0x38 (size before relaxing)
 .eh_frame      0x000000000011e110       0x20 binaries/rflread.o
                                         0x38 (size before relaxing)
 .eh_frame      0x000000000011e130       0x20 binaries/rflseek.o
                                         0x38 (size before relaxing)
 .eh_frame      0x000000000011e150       0x20 binaries/rflwrite.o
                                         0x38 (size before relaxing)
 .eh_frame      0x000000000011e170       0x20 binaries/rfscomm.o
                                         0x38 (size before relaxing)
 .eh_frame      0x000000000011e190       0x20 binaries/rfscontrol.o
                                         0x38 (size before relaxing)
 .eh_frame      0x000000000011e1b0       0x20 binaries/rfsgetmode.o
                                         0x38 (size before relaxing)
 .eh_frame      0x000000000011e1d0       0x20 binaries/rfsinit.o
                                         0x38 (size before relaxing)
 .eh_frame      0x000000000011e1f0       0x20 binaries/rfsndmsg.o
                                         0x38 (size before relaxing)
 .eh_frame      0x000000000011e210       0x20 binaries/rfsopen.o
                                         0x38 (size before relaxing)
 .eh_frame      0x000000000011e230       0xc0 binaries/arp.o
                                         0xd8 (size before relaxing)
 .eh_frame      0x000000000011e2f0       0xa0 binaries/dhcp.o
                                         0xb8 (size before relaxing)
 .eh_frame      0x000000000011e390       0x80 binaries/dns.o
                                         0x98 (size before relaxing)
 .eh_frame      0x000000000011e410       0x20 binaries/dot2ip.o
                                         0x38 (size before relaxing)
 .eh_frame      0x000000000011e430       0x40 binaries/hexdump.o
                                         0x58 (size before relaxing)
 .eh_frame      0x000000000011e470      0x150 binaries/icmp.o
                                        0x168 (size before relaxing)
 .eh_frame      0x000000000011e5c0      0x11c binaries/ip.o
                                        0x134 (size before relaxing)
 .eh_frame      0x000000000011e6dc       0xa0 binaries/net.o
                                         0xb8 (size before relaxing)
 .eh_frame      0x000000000011e77c       0x60 binaries/pdump.o
                                         0x78 (size before relaxing)
 .eh_frame      0x000000000011e7dc       0x60 binaries/tftp.o
                                         0x78 (size before relaxing)
 .eh_frame      0x000000000011e83c      0x140 binaries/udp.o
                                        0x158 (size before relaxing)
 .eh_frame      0x000000000011e97c       0x20 binaries/addargs.o
                                         0x38 (size before relaxing)
 .eh_frame      0x000000000011e99c       0x20 binaries/lexan.o
                                         0x38 (size before relaxing)
 .eh_frame      0x000000000011e9bc       0x20 binaries/shell.o
                                         0x38 (size before relaxing)
 .eh_frame      0x000000000011e9dc       0x20 binaries/xsh_argecho.o
                                         0x38 (size before relaxing)
 .eh_frame      0x000000000011e9fc       0x40 binaries/xsh_arp.o
                                         0x58 (size before relaxing)
 .eh_frame      0x000000000011ea3c       0x20 binaries/xsh_cat.o
                                         0x38 (size before relaxing)
 .eh_frame      0x000000000011ea5c       0x20 binaries/xsh_clear.o
                                         0x38 (size before relaxing)
 .eh_frame      0x000000000011ea7c       0x20 binaries/xsh_date.o
                                         0x38 (size before relaxing)
 .eh_frame      0x000000000011ea9c       0x20 binaries/xsh_devdump.o
                                         0x38 (size before relaxing)
 .eh_frame      0x000000000011eabc       0x20 binaries/xsh_echo.o
                                         0x38 (size before relaxing)
 .eh_frame      0x000000000011eadc       0x20 binaries/xsh_exit.o
                                         0x38 (size before relaxing)
 .eh_frame      0x000000000011eafc       0x2c binaries/xsh_help.o
                                         0x44 (size before relaxing)
 .eh_frame      0x000000000011eb28       0x20 binaries/xsh_kill.o
                                         0x38 (size before relaxing)
 .eh_frame      0x000000000011eb48       0x2c binaries/xsh_ls.o
                                         0x44 (size before relaxing)
 .eh_frame      0x000000000011eb74       0x40 binaries/xsh_memdump.o
                                         0x58 (size before relaxing)
 .eh_frame      0x000000000011ebb4       0x60 binaries/xsh_memstat.o
                                         0x78 (size before relaxing)
 .eh_frame      0x000000000011ec14       0x30 binaries/xsh_netinfo.o
                                         0x48 (size before relaxing)
 .eh_frame      0x000000000011ec44       0x30 binaries/xsh_ns.o
                                         0x48 (size before relaxing)
 .eh_frame      0x000000000011ec74       0x28 binaries/xsh_ping.o
                                         0x40 (size before relaxing)
 .eh_frame      0x000000000011ec9c       0x30 binaries/xsh_ps.o
                                         0x48 (size before relaxing)
 .eh_frame      0x000000000011eccc       0x20 binaries/xsh_sleep.o
                                         0x38 (size before relaxing)
 .eh_frame      0x000000000011ecec       0x20 binaries/xsh_udpdump.o
                                         0x38 (size before relaxing)
 .eh_frame      0x000000000011ed0c       0x30 binaries/xsh_udpecho.o
                                         0x48 (size before relaxing)
 .eh_frame      0x000000000011ed3c       0x28 binaries/xsh_udpserver.o
                                         0x40 (size before relaxing)
 .eh_frame      0x000000000011ed64       0x20 binaries/xsh_uptime.o
                                         0x38 (size before relaxing)

.iplt           0x000000000011ed84        0x0
 .iplt          0x000000000011ed84        0x0 binaries/start.o

.rel.dyn        0x000000000011ed84        0x0
 .rel.got       0x000000000011ed84        0x0 binaries/start.o
 .rel.iplt      0x000000000011ed84        0x0 binaries/start.o
 .rel.text      0x000000000011ed84        0x0 binaries/start.o

.data           0x000000000011eda0     0x1260
                0x000000000011eda0                data = ABSOLUTE (.)
 *(.data .data.*)
 .data          0x000000000011eda0      0x460 binaries/start.o
                0x000000000011eda0                gdt
                0x000000000011ede0                gdtr
                0x000000000011ede6                idt
                0x000000000011f1e6                idtr
                0x000000000011f1ec                cpudelay
                0x000000000011f1f0                _bootdev
                0x000000000011f1f4                _cyloffset
 .data          0x000000000011f200       0x88 binaries/ascdate.o
                0x000000000011f200                Date
 .data          0x000000000011f288        0x0 binaries/bufinit.o
 .data          0x000000000011f288        0x0 binaries/chprio.o
 .data          0x000000000011f288        0x4 binaries/clkhandler.o
 .data          0x000000000011f28c        0x0 binaries/clkinit.o
 .data          0x000000000011f28c        0x0 binaries/close.o
 *fill*         0x000000000011f28c       0x14 
 .data          0x000000000011f2a0      0x5a0 binaries/conf.o
                0x000000000011f2a0                devtab
 .data          0x000000000011f840        0x0 binaries/control.o
 .data          0x000000000011f840        0x4 binaries/create.o
 *fill*         0x000000000011f844       0x1c 
 .data          0x000000000011f860       0x40 binaries/evec.o
                0x000000000011f860                inames
 .data          0x000000000011f8a0        0x0 binaries/exit.o
 .data          0x000000000011f8a0        0x0 binaries/freebuf.o
 .data          0x000000000011f8a0        0x0 binaries/freemem.o
 .data          0x000000000011f8a0        0x0 binaries/getbuf.o
 .data          0x000000000011f8a0        0x0 binaries/getc.o
 .data          0x000000000011f8a0        0x0 binaries/getdev.o
 .data          0x000000000011f8a0        0x0 binaries/getitem.o
 .data          0x000000000011f8a0        0x0 binaries/getmem.o
 .data          0x000000000011f8a0        0x0 binaries/getpid.o
 .data          0x000000000011f8a0        0x0 binaries/getprio.o
 .data          0x000000000011f8a0        0x0 binaries/getstk.o
 .data          0x000000000011f8a0        0x0 binaries/getticks.o
 .data          0x000000000011f8a0        0x0 binaries/gettime.o
 .data          0x000000000011f8a0        0x0 binaries/getutime.o
 .data          0x000000000011f8a0       0x40 binaries/i386.o
                0x000000000011f8a0                gdt_copy
 .data          0x000000000011f8e0        0x0 binaries/init.o
 .data          0x000000000011f8e0        0x0 binaries/initialize.o
 .data          0x000000000011f8e0        0x0 binaries/insert.o
 .data          0x000000000011f8e0        0x0 binaries/insertd.o
 .data          0x000000000011f8e0        0x0 binaries/ioerr.o
 .data          0x000000000011f8e0        0x0 binaries/ionull.o
 .data          0x000000000011f8e0        0x0 binaries/kill.o
 .data          0x000000000011f8e0        0x0 binaries/kprintf.o
 .data          0x000000000011f8e0        0x0 binaries/main.o
 .data          0x000000000011f8e0        0x0 binaries/mark.o
 .data          0x000000000011f8e0        0x0 binaries/meminit.o
 .data          0x000000000011f8e0        0x0 binaries/mkbufpool.o
 .data          0x000000000011f8e0        0x2 binaries/newqueue.o
 .data          0x000000000011f8e2        0x0 binaries/open.o
 .data          0x000000000011f8e2        0x0 binaries/panic.o
 *fill*         0x000000000011f8e2        0x2 
 .data          0x000000000011f8e4       0x10 binaries/pci.o
 .data          0x000000000011f8f4        0x0 binaries/ptclear.o
 .data          0x000000000011f8f4        0x0 binaries/ptcount.o
 .data          0x000000000011f8f4        0x0 binaries/ptcreate.o
 .data          0x000000000011f8f4        0x0 binaries/ptdelete.o
[...]
 .comment       0x0000000000000023       0x24 binaries/dot2ip.o
 .comment       0x0000000000000023       0x24 binaries/hexdump.o
 .comment       0x0000000000000023       0x24 binaries/icmp.o
 .comment       0x0000000000000023       0x24 binaries/ip.o
 .comment       0x0000000000000023       0x24 binaries/net.o
 .comment       0x0000000000000023       0x24 binaries/pdump.o
 .comment       0x0000000000000023       0x24 binaries/tftp.o
 .comment       0x0000000000000023       0x24 binaries/udp.o
 .comment       0x0000000000000023       0x24 binaries/addargs.o
 .comment       0x0000000000000023       0x24 binaries/lexan.o
 .comment       0x0000000000000023       0x24 binaries/shell.o
 .comment       0x0000000000000023       0x24 binaries/xsh_argecho.o
 .comment       0x0000000000000023       0x24 binaries/xsh_arp.o
 .comment       0x0000000000000023       0x24 binaries/xsh_cat.o
 .comment       0x0000000000000023       0x24 binaries/xsh_clear.o
 .comment       0x0000000000000023       0x24 binaries/xsh_date.o
 .comment       0x0000000000000023       0x24 binaries/xsh_devdump.o
 .comment       0x0000000000000023       0x24 binaries/xsh_echo.o
 .comment       0x0000000000000023       0x24 binaries/xsh_exit.o
 .comment       0x0000000000000023       0x24 binaries/xsh_help.o
 .comment       0x0000000000000023       0x24 binaries/xsh_kill.o
 .comment       0x0000000000000023       0x24 binaries/xsh_ls.o
 .comment       0x0000000000000023       0x24 binaries/xsh_memdump.o
 .comment       0x0000000000000023       0x24 binaries/xsh_memstat.o
 .comment       0x0000000000000023       0x24 binaries/xsh_netinfo.o
 .comment       0x0000000000000023       0x24 binaries/xsh_ns.o
 .comment       0x0000000000000023       0x24 binaries/xsh_ping.o
 .comment       0x0000000000000023       0x24 binaries/xsh_ps.o
 .comment       0x0000000000000023       0x24 binaries/xsh_sleep.o
 .comment       0x0000000000000023       0x24 binaries/xsh_udpdump.o
 .comment       0x0000000000000023       0x24 binaries/xsh_udpecho.o
 .comment       0x0000000000000023       0x24 binaries/xsh_udpserver.o
 .comment       0x0000000000000023       0x24 binaries/xsh_uptime.o

.note.GNU-stack
                0x0000000000000000        0x0
 .note.GNU-stack
                0x0000000000000000        0x0 binaries/ascdate.o
 .note.GNU-stack
                0x0000000000000000        0x0 binaries/bufinit.o
 .note.GNU-stack
                0x0000000000000000        0x0 binaries/chprio.o
 .note.GNU-stack
                0x0000000000000000        0x0 binaries/clkhandler.o
 .note.GNU-stack
                0x0000000000000000        0x0 binaries/clkinit.o
 .note.GNU-stack
                0x0000000000000000        0x0 binaries/close.o
 .note.GNU-stack
                0x0000000000000000        0x0 binaries/conf.o
 .note.GNU-stack
                0x0000000000000000        0x0 binaries/control.o
 .note.GNU-stack
                0x0000000000000000        0x0 binaries/create.o
 .note.GNU-stack
                0x0000000000000000        0x0 binaries/evec.o
 .note.GNU-stack
                0x0000000000000000        0x0 binaries/exit.o
 .note.GNU-stack
                0x0000000000000000        0x0 binaries/freebuf.o
 .note.GNU-stack
                0x0000000000000000        0x0 binaries/freemem.o
 .note.GNU-stack
                0x0000000000000000        0x0 binaries/getbuf.o
 .note.GNU-stack
                0x0000000000000000        0x0 binaries/getc.o
 .note.GNU-stack
                0x0000000000000000        0x0 binaries/getdev.o
 .note.GNU-stack
                0x0000000000000000        0x0 binaries/getitem.o
 .note.GNU-stack
                0x0000000000000000        0x0 binaries/getmem.o
 .note.GNU-stack
                0x0000000000000000        0x0 binaries/getpid.o
 .note.GNU-stack
                0x0000000000000000        0x0 binaries/getprio.o
 .note.GNU-stack
                0x0000000000000000        0x0 binaries/getstk.o
 .note.GNU-stack
                0x0000000000000000        0x0 binaries/getticks.o
 .note.GNU-stack
                0x0000000000000000        0x0 binaries/gettime.o
 .note.GNU-stack
                0x0000000000000000        0x0 binaries/getutime.o
 .note.GNU-stack
                0x0000000000000000        0x0 binaries/i386.o
 .note.GNU-stack
                0x0000000000000000        0x0 binaries/init.o
 .note.GNU-stack
                0x0000000000000000        0x0 binaries/initialize.o
 .note.GNU-stack
                0x0000000000000000        0x0 binaries/insert.o
 .note.GNU-stack
                0x0000000000000000        0x0 binaries/insertd.o
 .note.GNU-stack
                0x0000000000000000        0x0 binaries/ioerr.o
 .note.GNU-stack
                0x0000000000000000        0x0 binaries/ionull.o
 .note.GNU-stack
                0x0000000000000000        0x0 binaries/kill.o
 .note.GNU-stack
                0x0000000000000000        0x0 binaries/kprintf.o
 .note.GNU-stack
                0x0000000000000000        0x0 binaries/main.o
 .note.GNU-stack
                0x0000000000000000        0x0 binaries/mark.o
 .note.GNU-stack
                0x0000000000000000        0x0 binaries/meminit.o
 .note.GNU-stack
                0x0000000000000000        0x0 binaries/mkbufpool.o
 .note.GNU-stack
                0x0000000000000000        0x0 binaries/newqueue.o
 .note.GNU-stack
                0x0000000000000000        0x0 binaries/open.o
 .note.GNU-stack
                0x0000000000000000        0x0 binaries/panic.o
 .note.GNU-stack
                0x0000000000000000        0x0 binaries/pci.o
 .note.GNU-stack
                0x0000000000000000        0x0 binaries/ptclear.o
 .note.GNU-stack
                0x0000000000000000        0x0 binaries/ptcount.o
 .note.GNU-stack
                0x0000000000000000        0x0 binaries/ptcreate.o
 .note.GNU-stack
                0x0000000000000000        0x0 binaries/ptdelete.o
 .note.GNU-stack
                0x0000000000000000        0x0 binaries/ptinit.o
 .note.GNU-stack
                0x0000000000000000        0x0 binaries/ptrecv.o
 .note.GNU-stack
                0x0000000000000000        0x0 binaries/ptreset.o
 .note.GNU-stack
                0x0000000000000000        0x0 binaries/ptsend.o
 .note.GNU-stack
                0x0000000000000000        0x0 binaries/putc.o
 .note.GNU-stack
                0x0000000000000000        0x0 binaries/queue.o
 .note.GNU-stack
                0x0000000000000000        0x0 binaries/read.o
 .note.GNU-stack
                0x0000000000000000        0x0 binaries/ready.o
 .note.GNU-stack
                0x0000000000000000        0x0 binaries/receive.o
 .note.GNU-stack
                0x0000000000000000        0x0 binaries/recvclr.o
 .note.GNU-stack
                0x0000000000000000        0x0 binaries/recvtime.o
 .note.GNU-stack
                0x0000000000000000        0x0 binaries/resched.o
 .note.GNU-stack
                0x0000000000000000        0x0 binaries/resume.o
 .note.GNU-stack
                0x0000000000000000        0x0 binaries/seek.o
 .note.GNU-stack
                0x0000000000000000        0x0 binaries/semcount.o
 .note.GNU-stack
                0x0000000000000000        0x0 binaries/semcreate.o
 .note.GNU-stack
                0x0000000000000000        0x0 binaries/semdelete.o
 .note.GNU-stack
                0x0000000000000000        0x0 binaries/semreset.o
 .note.GNU-stack
                0x0000000000000000        0x0 binaries/send.o
 .note.GNU-stack
                0x0000000000000000        0x0 binaries/signal.o
 .note.GNU-stack
                0x0000000000000000        0x0 binaries/signaln.o
 .note.GNU-stack
                0x0000000000000000        0x0 binaries/sleep.o
 .note.GNU-stack
                0x0000000000000000        0x0 binaries/stacktrace.o
 .note.GNU-stack
                0x0000000000000000        0x0 binaries/suspend.o
 .note.GNU-stack
                0x0000000000000000        0x0 binaries/unsleep.o
 .note.GNU-stack
                0x0000000000000000        0x0 binaries/userret.o
 .note.GNU-stack
                0x0000000000000000        0x0 binaries/wait.o
 .note.GNU-stack
                0x0000000000000000        0x0 binaries/wakeup.o
 .note.GNU-stack
                0x0000000000000000        0x0 binaries/write.o
 .note.GNU-stack
                0x0000000000000000        0x0 binaries/xdone.o
 .note.GNU-stack
                0x0000000000000000        0x0 binaries/yield.o
 .note.GNU-stack
                0x0000000000000000        0x0 binaries/abs.o
 .note.GNU-stack
                0x0000000000000000        0x0 binaries/atoi.o
 .note.GNU-stack
                0x0000000000000000        0x0 binaries/atol.o
 .note.GNU-stack
                0x0000000000000000        0x0 binaries/bzero.o
 .note.GNU-stack
                0x0000000000000000        0x0 binaries/ctype_.o
 .note.GNU-stack
                0x0000000000000000        0x0 binaries/doprnt.o
 .note.GNU-stack
                0x0000000000000000        0x0 binaries/doscan.o
 .note.GNU-stack
                0x0000000000000000        0x0 binaries/fdoprnt.o
 .note.GNU-stack
                0x0000000000000000        0x0 binaries/fgetc.o
 .note.GNU-stack
                0x0000000000000000        0x0 binaries/fgets.o
 .note.GNU-stack
                0x0000000000000000        0x0 binaries/fprintf.o
 .note.GNU-stack
                0x0000000000000000        0x0 binaries/fputc.o
 .note.GNU-stack
                0x0000000000000000        0x0 binaries/fputs.o
 .note.GNU-stack
                0x0000000000000000        0x0 binaries/fscanf.o
 .note.GNU-stack
                0x0000000000000000        0x0 binaries/getchar.o
 .note.GNU-stack
                0x0000000000000000        0x0 binaries/labs.o
 .note.GNU-stack
                0x0000000000000000        0x0 binaries/memcmp.o
 .note.GNU-stack
                0x0000000000000000        0x0 binaries/memcpy.o
 .note.GNU-stack
                0x0000000000000000        0x0 binaries/memset.o
 .note.GNU-stack
                0x0000000000000000        0x0 binaries/printf.o
 .note.GNU-stack
                0x0000000000000000        0x0 binaries/putchar.o
 .note.GNU-stack
                0x0000000000000000        0x0 binaries/qsort.o
 .note.GNU-stack
                0x0000000000000000        0x0 binaries/rand.o
 .note.GNU-stack
                0x0000000000000000        0x0 binaries/sprintf.o
 .note.GNU-stack
                0x0000000000000000        0x0 binaries/sscanf.o
 .note.GNU-stack
                0x0000000000000000        0x0 binaries/strchr.o
 .note.GNU-stack
                0x0000000000000000        0x0 binaries/strcmp.o
 .note.GNU-stack
                0x0000000000000000        0x0 binaries/strcpy.o
 .note.GNU-stack
                0x0000000000000000        0x0 binaries/strlen.o
 .note.GNU-stack
                0x0000000000000000        0x0 binaries/strncat.o
 .note.GNU-stack
                0x0000000000000000        0x0 binaries/strncmp.o
 .note.GNU-stack
                0x0000000000000000        0x0 binaries/strncpy.o
 .note.GNU-stack
                0x0000000000000000        0x0 binaries/strnlen.o
 .note.GNU-stack
                0x0000000000000000        0x0 binaries/strrchr.o
 .note.GNU-stack
                0x0000000000000000        0x0 binaries/strstr.o
 .note.GNU-stack
                0x0000000000000000        0x0 binaries/ttycontrol.o
 .note.GNU-stack
                0x0000000000000000        0x0 binaries/ttygetc.o
 .note.GNU-stack
                0x0000000000000000        0x0 binaries/ttyhandle_in.o
 .note.GNU-stack
                0x0000000000000000        0x0 binaries/ttyhandle_out.o
 .note.GNU-stack
                0x0000000000000000        0x0 binaries/ttyhandler.o
 .note.GNU-stack
                0x0000000000000000        0x0 binaries/ttyinit.o
 .note.GNU-stack
                0x0000000000000000        0x0 binaries/ttykickout.o
 .note.GNU-stack
                0x0000000000000000        0x0 binaries/ttyputc.o
 .note.GNU-stack
                0x0000000000000000        0x0 binaries/ttyread.o
 .note.GNU-stack
                0x0000000000000000        0x0 binaries/ttywrite.o
 .note.GNU-stack
                0x0000000000000000        0x0 binaries/mount.o
 .note.GNU-stack
                0x0000000000000000        0x0 binaries/naminit.o
 .note.GNU-stack
                0x0000000000000000        0x0 binaries/nammap.o
 .note.GNU-stack
                0x0000000000000000        0x0 binaries/namopen.o
 .note.GNU-stack
                0x0000000000000000        0x0 binaries/82545EMInit.o
 .note.GNU-stack
                0x0000000000000000        0x0 binaries/ethcontrol.o
 .note.GNU-stack
                0x0000000000000000        0x0 binaries/ethhandler.o
 .note.GNU-stack
                0x0000000000000000        0x0 binaries/ethinit.o
 .note.GNU-stack
                0x0000000000000000        0x0 binaries/ethread.o
 .note.GNU-stack
                0x0000000000000000        0x0 binaries/ethwrite.o
 .note.GNU-stack
                0x0000000000000000        0x0 binaries/rdscomm.o
 .note.GNU-stack
                0x0000000000000000        0x0 binaries/rdscontrol.o
 .note.GNU-stack
                0x0000000000000000        0x0 binaries/rdsinit.o
 .note.GNU-stack
                0x0000000000000000        0x0 binaries/rdsopen.o
 .note.GNU-stack
                0x0000000000000000        0x0 binaries/rdsprocess.o
 .note.GNU-stack
                0x0000000000000000        0x0 binaries/rdsqfcns.o
 .note.GNU-stack
                0x0000000000000000        0x0 binaries/rdsread.o
 .note.GNU-stack
                0x0000000000000000        0x0 binaries/rdssetprio.o
 .note.GNU-stack
                0x0000000000000000        0x0 binaries/rdswrite.o
 .note.GNU-stack
                0x0000000000000000        0x0 binaries/ramclose.o
 .note.GNU-stack
                0x0000000000000000        0x0 binaries/raminit.o
 .note.GNU-stack
                0x0000000000000000        0x0 binaries/ramopen.o
 .note.GNU-stack
                0x0000000000000000        0x0 binaries/ramread.o
 .note.GNU-stack
                0x0000000000000000        0x0 binaries/ramwrite.o
 .note.GNU-stack
                0x0000000000000000        0x0 binaries/lfdballoc.o
 .note.GNU-stack
                0x0000000000000000        0x0 binaries/lfdbfree.o
 .note.GNU-stack
                0x0000000000000000        0x0 binaries/lfflush.o
 .note.GNU-stack
                0x0000000000000000        0x0 binaries/lfgetmode.o
 .note.GNU-stack
                0x0000000000000000        0x0 binaries/lfiballoc.o
 .note.GNU-stack
                0x0000000000000000        0x0 binaries/lfibclear.o
 .note.GNU-stack
                0x0000000000000000        0x0 binaries/lfibget.o
 .note.GNU-stack
                0x0000000000000000        0x0 binaries/lfibput.o
 .note.GNU-stack
                0x0000000000000000        0x0 binaries/lflclose.o
 .note.GNU-stack
                0x0000000000000000        0x0 binaries/lflcontrol.o
 .note.GNU-stack
                0x0000000000000000        0x0 binaries/lflgetc.o
 .note.GNU-stack
                0x0000000000000000        0x0 binaries/lflinit.o
 .note.GNU-stack
                0x0000000000000000        0x0 binaries/lflputc.o
 .note.GNU-stack
                0x0000000000000000        0x0 binaries/lflread.o
 .note.GNU-stack
                0x0000000000000000        0x0 binaries/lflseek.o
 .note.GNU-stack
                0x0000000000000000        0x0 binaries/lflwrite.o
 .note.GNU-stack
                0x0000000000000000        0x0 binaries/lfscheck.o
 .note.GNU-stack
                0x0000000000000000        0x0 binaries/lfsckfmt.o
 .note.GNU-stack
                0x0000000000000000        0x0 binaries/lfscreate.o
 .note.GNU-stack
                0x0000000000000000        0x0 binaries/lfsetup.o
 .note.GNU-stack
                0x0000000000000000        0x0 binaries/lfsinit.o
 .note.GNU-stack
                0x0000000000000000        0x0 binaries/lfsopen.o
 .note.GNU-stack
                0x0000000000000000        0x0 binaries/lftruncate.o
 .note.GNU-stack
                0x0000000000000000        0x0 binaries/rflclose.o
 .note.GNU-stack
                0x0000000000000000        0x0 binaries/rflgetc.o
 .note.GNU-stack
                0x0000000000000000        0x0 binaries/rflinit.o
 .note.GNU-stack
                0x0000000000000000        0x0 binaries/rflputc.o
 .note.GNU-stack
                0x0000000000000000        0x0 binaries/rflread.o
 .note.GNU-stack
                0x0000000000000000        0x0 binaries/rflseek.o
 .note.GNU-stack
                0x0000000000000000        0x0 binaries/rflwrite.o
 .note.GNU-stack
                0x0000000000000000        0x0 binaries/rfscomm.o
 .note.GNU-stack
                0x0000000000000000        0x0 binaries/rfscontrol.o
 .note.GNU-stack
                0x0000000000000000        0x0 binaries/rfsgetmode.o
 .note.GNU-stack
                0x0000000000000000        0x0 binaries/rfsinit.o
 .note.GNU-stack
                0x0000000000000000        0x0 binaries/rfsndmsg.o
 .note.GNU-stack
                0x0000000000000000        0x0 binaries/rfsopen.o
 .note.GNU-stack
                0x0000000000000000        0x0 binaries/arp.o
 .note.GNU-stack
                0x0000000000000000        0x0 binaries/dhcp.o
 .note.GNU-stack
                0x0000000000000000        0x0 binaries/dns.o
 .note.GNU-stack
                0x0000000000000000        0x0 binaries/dot2ip.o
 .note.GNU-stack
                0x0000000000000000        0x0 binaries/hexdump.o
 .note.GNU-stack
                0x0000000000000000        0x0 binaries/icmp.o
 .note.GNU-stack
                0x0000000000000000        0x0 binaries/ip.o
 .note.GNU-stack
                0x0000000000000000        0x0 binaries/net.o
 .note.GNU-stack
                0x0000000000000000        0x0 binaries/pdump.o
 .note.GNU-stack
                0x0000000000000000        0x0 binaries/tftp.o
 .note.GNU-stack
                0x0000000000000000        0x0 binaries/udp.o
 .note.GNU-stack
                0x0000000000000000        0x0 binaries/addargs.o
 .note.GNU-stack
                0x0000000000000000        0x0 binaries/lexan.o
 .note.GNU-stack
                0x0000000000000000        0x0 binaries/shell.o
 .note.GNU-stack
                0x0000000000000000        0x0 binaries/xsh_argecho.o
 .note.GNU-stack
                0x0000000000000000        0x0 binaries/xsh_arp.o
 .note.GNU-stack
                0x0000000000000000        0x0 binaries/xsh_cat.o
 .note.GNU-stack
                0x0000000000000000        0x0 binaries/xsh_clear.o
 .note.GNU-stack
                0x0000000000000000        0x0 binaries/xsh_date.o
 .note.GNU-stack
                0x0000000000000000        0x0 binaries/xsh_devdump.o
 .note.GNU-stack
                0x0000000000000000        0x0 binaries/xsh_echo.o
 .note.GNU-stack
                0x0000000000000000        0x0 binaries/xsh_exit.o
 .note.GNU-stack
                0x0000000000000000        0x0 binaries/xsh_help.o
 .note.GNU-stack
                0x0000000000000000        0x0 binaries/xsh_kill.o
 .note.GNU-stack
                0x0000000000000000        0x0 binaries/xsh_ls.o
 .note.GNU-stack
                0x0000000000000000        0x0 binaries/xsh_memdump.o
 .note.GNU-stack
                0x0000000000000000        0x0 binaries/xsh_memstat.o
 .note.GNU-stack
                0x0000000000000000        0x0 binaries/xsh_netinfo.o
 .note.GNU-stack
                0x0000000000000000        0x0 binaries/xsh_ns.o
 .note.GNU-stack
                0x0000000000000000        0x0 binaries/xsh_ping.o
 .note.GNU-stack
                0x0000000000000000        0x0 binaries/xsh_ps.o
 .note.GNU-stack
                0x0000000000000000        0x0 binaries/xsh_sleep.o
 .note.GNU-stack
                0x0000000000000000        0x0 binaries/xsh_udpdump.o
 .note.GNU-stack
                0x0000000000000000        0x0 binaries/xsh_udpecho.o
 .note.GNU-stack
                0x0000000000000000        0x0 binaries/xsh_udpserver.o
 .note.GNU-stack
                0x0000000000000000        0x0 binaries/xsh_uptime.o
